###############################################################################
#
# IAR ELF Linker V8.10.1.12857/W32 for ARM                04/Apr/2017  18:03:10
# Copyright 2007-2017 IAR Systems AB.
#
#    Output file  =  
#        C:\Users\Xuan Thiep\Documents\MEGA\Projects\TM4C129 Projects\TM4C129
#        Timer Basic With Interrupt\IAR File System\Debug\Exe\Project.out
#    Map file     =  
#        C:\Users\Xuan Thiep\Documents\MEGA\Projects\TM4C129 Projects\TM4C129
#        Timer Basic With Interrupt\IAR File System\Debug\List\Project.map
#    Command line =  
#        -f "C:\Users\Xuan Thiep\AppData\Local\Temp\EW68EA.tmp" ("C:\Users\Xuan
#        Thiep\Documents\MEGA\Projects\TM4C129 Projects\TM4C129 Timer Basic
#        With Interrupt\IAR File System\Debug\Obj\adc.o" "C:\Users\Xuan
#        Thiep\Documents\MEGA\Projects\TM4C129 Projects\TM4C129 Timer Basic
#        With Interrupt\IAR File System\Debug\Obj\aes.o" "C:\Users\Xuan
#        Thiep\Documents\MEGA\Projects\TM4C129 Projects\TM4C129 Timer Basic
#        With Interrupt\IAR File System\Debug\Obj\can.o" "C:\Users\Xuan
#        Thiep\Documents\MEGA\Projects\TM4C129 Projects\TM4C129 Timer Basic
#        With Interrupt\IAR File System\Debug\Obj\comp.o" "C:\Users\Xuan
#        Thiep\Documents\MEGA\Projects\TM4C129 Projects\TM4C129 Timer Basic
#        With Interrupt\IAR File System\Debug\Obj\cpu.o" "C:\Users\Xuan
#        Thiep\Documents\MEGA\Projects\TM4C129 Projects\TM4C129 Timer Basic
#        With Interrupt\IAR File System\Debug\Obj\crc.o" "C:\Users\Xuan
#        Thiep\Documents\MEGA\Projects\TM4C129 Projects\TM4C129 Timer Basic
#        With Interrupt\IAR File System\Debug\Obj\des.o" "C:\Users\Xuan
#        Thiep\Documents\MEGA\Projects\TM4C129 Projects\TM4C129 Timer Basic
#        With Interrupt\IAR File System\Debug\Obj\eeprom.o" "C:\Users\Xuan
#        Thiep\Documents\MEGA\Projects\TM4C129 Projects\TM4C129 Timer Basic
#        With Interrupt\IAR File System\Debug\Obj\emac.o" "C:\Users\Xuan
#        Thiep\Documents\MEGA\Projects\TM4C129 Projects\TM4C129 Timer Basic
#        With Interrupt\IAR File System\Debug\Obj\epi.o" "C:\Users\Xuan
#        Thiep\Documents\MEGA\Projects\TM4C129 Projects\TM4C129 Timer Basic
#        With Interrupt\IAR File System\Debug\Obj\flash.o" "C:\Users\Xuan
#        Thiep\Documents\MEGA\Projects\TM4C129 Projects\TM4C129 Timer Basic
#        With Interrupt\IAR File System\Debug\Obj\fpu.o" "C:\Users\Xuan
#        Thiep\Documents\MEGA\Projects\TM4C129 Projects\TM4C129 Timer Basic
#        With Interrupt\IAR File System\Debug\Obj\gpio.o" "C:\Users\Xuan
#        Thiep\Documents\MEGA\Projects\TM4C129 Projects\TM4C129 Timer Basic
#        With Interrupt\IAR File System\Debug\Obj\hibernate.o" "C:\Users\Xuan
#        Thiep\Documents\MEGA\Projects\TM4C129 Projects\TM4C129 Timer Basic
#        With Interrupt\IAR File System\Debug\Obj\i2c.o" "C:\Users\Xuan
#        Thiep\Documents\MEGA\Projects\TM4C129 Projects\TM4C129 Timer Basic
#        With Interrupt\IAR File System\Debug\Obj\interrupt.o" "C:\Users\Xuan
#        Thiep\Documents\MEGA\Projects\TM4C129 Projects\TM4C129 Timer Basic
#        With Interrupt\IAR File System\Debug\Obj\lcd.o" "C:\Users\Xuan
#        Thiep\Documents\MEGA\Projects\TM4C129 Projects\TM4C129 Timer Basic
#        With Interrupt\IAR File System\Debug\Obj\main.o" "C:\Users\Xuan
#        Thiep\Documents\MEGA\Projects\TM4C129 Projects\TM4C129 Timer Basic
#        With Interrupt\IAR File System\Debug\Obj\mpu.o" "C:\Users\Xuan
#        Thiep\Documents\MEGA\Projects\TM4C129 Projects\TM4C129 Timer Basic
#        With Interrupt\IAR File System\Debug\Obj\mytm4c129.o" "C:\Users\Xuan
#        Thiep\Documents\MEGA\Projects\TM4C129 Projects\TM4C129 Timer Basic
#        With Interrupt\IAR File System\Debug\Obj\onewire.o" "C:\Users\Xuan
#        Thiep\Documents\MEGA\Projects\TM4C129 Projects\TM4C129 Timer Basic
#        With Interrupt\IAR File System\Debug\Obj\pwm.o" "C:\Users\Xuan
#        Thiep\Documents\MEGA\Projects\TM4C129 Projects\TM4C129 Timer Basic
#        With Interrupt\IAR File System\Debug\Obj\qei.o" "C:\Users\Xuan
#        Thiep\Documents\MEGA\Projects\TM4C129 Projects\TM4C129 Timer Basic
#        With Interrupt\IAR File System\Debug\Obj\shamd5.o" "C:\Users\Xuan
#        Thiep\Documents\MEGA\Projects\TM4C129 Projects\TM4C129 Timer Basic
#        With Interrupt\IAR File System\Debug\Obj\ssi.o" "C:\Users\Xuan
#        Thiep\Documents\MEGA\Projects\TM4C129 Projects\TM4C129 Timer Basic
#        With Interrupt\IAR File System\Debug\Obj\sw_crc.o" "C:\Users\Xuan
#        Thiep\Documents\MEGA\Projects\TM4C129 Projects\TM4C129 Timer Basic
#        With Interrupt\IAR File System\Debug\Obj\sysctl.o" "C:\Users\Xuan
#        Thiep\Documents\MEGA\Projects\TM4C129 Projects\TM4C129 Timer Basic
#        With Interrupt\IAR File System\Debug\Obj\sysexc.o" "C:\Users\Xuan
#        Thiep\Documents\MEGA\Projects\TM4C129 Projects\TM4C129 Timer Basic
#        With Interrupt\IAR File System\Debug\Obj\systick.o" "C:\Users\Xuan
#        Thiep\Documents\MEGA\Projects\TM4C129 Projects\TM4C129 Timer Basic
#        With Interrupt\IAR File System\Debug\Obj\timer.o" "C:\Users\Xuan
#        Thiep\Documents\MEGA\Projects\TM4C129 Projects\TM4C129 Timer Basic
#        With Interrupt\IAR File System\Debug\Obj\uart.o" "C:\Users\Xuan
#        Thiep\Documents\MEGA\Projects\TM4C129 Projects\TM4C129 Timer Basic
#        With Interrupt\IAR File System\Debug\Obj\udma.o" "C:\Users\Xuan
#        Thiep\Documents\MEGA\Projects\TM4C129 Projects\TM4C129 Timer Basic
#        With Interrupt\IAR File System\Debug\Obj\usb.o" "C:\Users\Xuan
#        Thiep\Documents\MEGA\Projects\TM4C129 Projects\TM4C129 Timer Basic
#        With Interrupt\IAR File System\Debug\Obj\watchdog.o" -o "C:\Users\Xuan
#        Thiep\Documents\MEGA\Projects\TM4C129 Projects\TM4C129 Timer Basic
#        With Interrupt\IAR File System\Debug\Exe\Project.out" --map
#        "C:\Users\Xuan Thiep\Documents\MEGA\Projects\TM4C129 Projects\TM4C129
#        Timer Basic With Interrupt\IAR File System\Debug\List\Project.map"
#        --config "C:\Program Files (x86)\IAR Systems\Embedded Workbench
#        8.0\arm\config\linker\TexasInstruments\TM4C1294NC.icf" --semihosting
#        --entry __iar_program_start --vfe --text_out locale)
#
###############################################################################

*******************************************************************************
*** RUNTIME MODEL ATTRIBUTES
***

CppFlavor       = *
__SystemLibrary = DLib
__dlib_version  = 6


*******************************************************************************
*** HEAP SELECTION
***

The basic heap was selected because no calls to memory allocation
functions were found in the application outside of system library
functions, and there are calls to deallocation functions in the
application.


*******************************************************************************
*** PLACEMENT SUMMARY
***

"A0":  place at 0x00000000 { ro section .intvec };
"P1":  place in [from 0x00000000 to 0x000fffff] { ro };
"P2":  place in [from 0x20000000 to 0x2003ffff] { rw, block CSTACK, block HEAP };

  Section          Kind        Address    Size  Object
  -------          ----        -------    ----  ------
"A0":                                     0x40
  .intvec          ro code  0x00000000    0x40  vector_table_M.o [5]
                          - 0x00000040    0x40

"P1":                                    0xa0c
  .text            ro code  0x00000040   0x4c0  sysctl.o [1]
  .text            ro code  0x00000500   0x19c  timer.o [1]
  .text            ro code  0x0000069c    0xb4  interrupt.o [1]
  .text            ro code  0x00000750     0x8  cpu.o [1]
  .text            ro code  0x00000758   0x158  gpio.o [1]
  .text            ro code  0x000008b0    0xac  main.o [1]
  .text            ro code  0x0000095c    0x40  zero_init3.o [5]
  .text            ro code  0x0000099c    0x28  data_init.o [5]
  .text            ro code  0x000009c4    0x22  fpinit_M.o [4]
  .iar.init_table  const    0x000009e8    0x10  - Linker created -
  .text            ro code  0x000009f8     0x2  vector_table_M.o [5]
  .text            ro code  0x000009fc    0x1a  cmain.o [5]
  .text            ro code  0x00000a16     0x4  low_level_init.o [3]
  .text            ro code  0x00000a1a     0x4  exit.o [3]
  .text            ro code  0x00000a20     0xa  cexit.o [5]
  .text            ro code  0x00000a2c    0x14  exit.o [6]
  .text            ro code  0x00000a40     0xc  cstartup_M.o [5]
  .rodata          const    0x00000a4c     0x0  zero_init3.o [5]
                          - 0x00000a4c   0xa0c

"P2", part 1 of 2:                         0x4
  .bss             zero     0x20000000     0x4  main.o [1]
                          - 0x20000004     0x4

"P2", part 2 of 2:                      0x8270
  VTABLE           uninit   0x20000400   0x26c  interrupt.o [1]
  CSTACK                    0x20000670  0x8000  <Block>
    CSTACK         uninit   0x20000670  0x8000  <Block tail>
                          - 0x20008670  0x8270


*******************************************************************************
*** INIT TABLE
***

          Address     Size
          -------     ----
Zero (__iar_zero_init3)
    1 destination range, total size 0x4:
          0x20000000   0x4



*******************************************************************************
*** MODULE SUMMARY
***

    Module            ro code  ro data  rw data
    ------            -------  -------  -------
C:\Users\Xuan Thiep\Documents\MEGA\Projects\TM4C129 Projects\TM4C129 Timer Basic With Interrupt\IAR File System\Debug\Obj: [1]
    cpu.o                   8
    gpio.o                344
    interrupt.o           180               620
    main.o                172                 4
    sysctl.o            1 216
    timer.o               412
    -------------------------------------------
    Total:              2 332               624

command line: [2]
    -------------------------------------------
    Total:

dl7M_tln.a: [3]
    exit.o                  4
    low_level_init.o        4
    -------------------------------------------
    Total:                  8

m7M_tls.a: [4]
    fpinit_M.o             34
    -------------------------------------------
    Total:                 34

rt7M_tl.a: [5]
    cexit.o                10
    cmain.o                26
    cstartup_M.o           12
    data_init.o            40
    vector_table_M.o       66
    zero_init3.o           64
    -------------------------------------------
    Total:                218

shb_l.a: [6]
    exit.o                 20
    -------------------------------------------
    Total:                 20

    Gaps                    6        2
    Linker created                  16   32 768
-----------------------------------------------
    Grand Total:        2 618       18   33 392


*******************************************************************************
*** ENTRY LIST
***

Entry                      Address   Size  Type      Object
-----                      -------   ----  ----      ------
.iar.init_table$$Base   0x000009e8          --   Gb  - Linker created -
.iar.init_table$$Limit  0x000009f8          --   Gb  - Linker created -
?main                   0x000009fd         Code  Gb  cmain.o [5]
CPUcpsie                0x00000751    0x8  Code  Gb  cpu.o [1]
CSTACK$$Base            0x20000670          --   Gb  - Linker created -
CSTACK$$Limit           0x20008670          --   Gb  - Linker created -
GPIODirModeSet          0x00000759   0x28  Code  Gb  gpio.o [1]
GPIOPadConfigSet        0x00000781  0x104  Code  Gb  gpio.o [1]
GPIOPinRead             0x00000885    0x8  Code  Gb  gpio.o [1]
GPIOPinTypeGPIOOutput   0x00000895    0xa  Code  Gb  gpio.o [1]
GPIOPinWrite            0x0000088d    0x8  Code  Gb  gpio.o [1]
IntEnable               0x000006d5   0x58  Code  Gb  interrupt.o [1]
IntMasterEnable         0x0000069d    0x8  Code  Gb  interrupt.o [1]
IntRegister             0x000006ad   0x28  Code  Gb  interrupt.o [1]
Region$$Table$$Base     0x000009e8          --   Gb  - Linker created -
Region$$Table$$Limit    0x000009f8          --   Gb  - Linker created -
SysCtlClockFreqSet      0x0000007f  0x206  Code  Gb  sysctl.o [1]
SysCtlPeripheralEnable  0x00000061    0x8  Code  Gb  sysctl.o [1]
TimerConfigure          0x0000054f   0x54  Code  Gb  timer.o [1]
TimerEnable             0x00000543    0xc  Code  Gb  timer.o [1]
TimerIntClear           0x000005f5    0x6  Code  Gb  timer.o [1]
TimerIntEnable          0x000005eb    0xa  Code  Gb  timer.o [1]
TimerIntRegister        0x000005d1   0x1a  Code  Gb  timer.o [1]
TimerLoadSet            0x000005bb   0x16  Code  Gb  timer.o [1]
Timer_ISR               0x00000919   0x28  Code  Gb  main.o [1]
_SysCtlMemTimingGet     0x00000041   0x20  Code  Lc  sysctl.o [1]
_TimerIntNumberGet      0x00000501   0x42  Code  Lc  timer.o [1]
__cmain                 0x000009fd         Code  Gb  cmain.o [5]
__exit                  0x00000a2d   0x14  Code  Gb  exit.o [6]
__iar_data_init3        0x0000099d   0x28  Code  Gb  data_init.o [5]
__iar_init_vfp          0x000009c5         Code  Gb  fpinit_M.o [4]
__iar_program_start     0x00000a41         Code  Gb  cstartup_M.o [5]
__iar_systems$$module {Abs}
                        0x00000001         Data  Gb  command line/config [2]
__iar_zero_init3        0x0000095d   0x40  Code  Gb  zero_init3.o [5]
__low_level_init        0x00000a17    0x4  Code  Gb  low_level_init.o [3]
__vector_table          0x00000000         Data  Gb  vector_table_M.o [5]
_call_main              0x00000a09         Code  Gb  cmain.o [5]
_exit                   0x00000a21         Code  Gb  cexit.o [5]
_main                   0x00000a13         Code  Gb  cmain.o [5]
exit                    0x00000a1b    0x4  Code  Gb  exit.o [3]
g_pfnRAMVectors         0x20000400  0x26c  Data  Lc  interrupt.o [1]
g_pppui32XTALtoVCO      0x00000318  0x1b0  Data  Lc  sysctl.o [1]
g_ppui32TimerIntMap     0x000005fc   0x60  Data  Lc  timer.o [1]
g_ppui32TimerIntMapSnowflake
                        0x0000065c   0x40  Data  Lc  timer.o [1]
g_pui32EnRegs           0x0000073c   0x14  Data  Lc  interrupt.o [1]
g_pui32VCOFrequencies   0x000004f8    0x8  Data  Lc  sysctl.o [1]
g_pui32Xtals            0x000002ac   0x6c  Data  Lc  sysctl.o [1]
g_sXTALtoMEMTIM         0x000004c8   0x30  Data  Lc  sysctl.o [1]
main                    0x000008b1   0x66  Code  Gb  main.o [1]
sys_clock_hz            0x20000000    0x4  Data  Gb  main.o [1]


[1] = C:\Users\Xuan Thiep\Documents\MEGA\Projects\TM4C129 Projects\TM4C129 Timer Basic With Interrupt\IAR File System\Debug\Obj
[2] = command line
[3] = dl7M_tln.a
[4] = m7M_tls.a
[5] = rt7M_tl.a
[6] = shb_l.a

   2 618 bytes of readonly  code memory
      18 bytes of readonly  data memory
  33 392 bytes of readwrite data memory

Errors: none
Warnings: none
